// Jest Snapshot v1, https://goo.gl/fbAQLP

exports[`pruebas en al <AppRouter /> debe de mostrarse correctamente 1`] = `
<div>
  <nav
    className="navbar navbar-expand-sm navbar-light bg-light"
  >
    <div
      className="container-fluid"
    >
      <a
        className="navbar-brand"
        href="/"
        onClick={[Function]}
      >
        useContext
      </a>
      <div
        className="collapse navbar-collapse"
        id="navbarNav"
      >
        <ul
          className="navbar-nav"
        >
          <li
            className="nav-item"
          >
            <a
              aria-current="page"
              className="nav-link active"
              href="/"
              onClick={[Function]}
              style={Object {}}
            >
              Home
            </a>
          </li>
          <li
            className="nav-item"
          >
            <a
              aria-current={null}
              className="nav-link"
              href="/login"
              onClick={[Function]}
            >
              Login
            </a>
          </li>
          <li
            className="nav-item"
          >
            <a
              aria-current={null}
              className="nav-link"
              href="/about"
              onClick={[Function]}
            >
              About
            </a>
          </li>
        </ul>
      </div>
    </div>
  </nav>
  <div
    className="container"
  >
    Array [
      <h1>
        Home Screen
      </h1>,
      <hr />,
      <pre
        className="container"
      >
        {
   "id": 123,
   "name": "pablo"
}
      </pre>,
    ]
  </div>
</div>
`;
