// Jest Snapshot v1, https://goo.gl/fbAQLP

exports[`Pruebas en MultiplecustomHooks Debe de mostrarse correctamente 1`] = `
<div>
  <h1>
    Breaking bad Quotes
  </h1>
  <hr />
  <div
    className="alert alert-info text-center"
  >
    <p>
      Loading...
    </p>
  </div>
  <button
    className="btn btn-primary"
    onClick={[Function]}
  >
    Next quote
  </button>
</div>
`;
