// Jest Snapshot v1, https://goo.gl/fbAQLP

exports[`pruebas en <TodoApp /> debe de mostrarse correctamente 1`] = `
<div>
  <h1>
    TodoApp (
    0
    ) items
  </h1>
  <hr />
  <div
    className="row"
  >
    <div
      className="col-7"
    >
      <TodoList
        handleDelete={[Function]}
        handleToggle={[Function]}
        todos={Array []}
      />
      <div>
        <h4>
          No hay elementos
        </h4>
        <div
          className="alert alert-info"
        >
          No se encontraron Todos!!!
        </div>
      </div>
    </div>
    <div
      className="col-5"
    >
      <TodoAdd
        handleAddTodo={[Function]}
      />
    </div>
  </div>
</div>
`;
